../Core/Src/main.c:72:6:display7SEG	16	static
../Core/Src/main.c:176:6:update7SEG	16	static
../Core/Src/main.c:205:6:updateClockBuffer	4	static
../Core/Src/main.c:213:6:updateLEDMatrix	16	static
../Core/Src/main.c:374:6:clearAllMatrix	4	static
../Core/Src/main.c:386:6:updateLEDMatrixBuffer	16	static
../Core/Src/main.c:417:5:main	8	static
../Core/Src/main.c:520:6:SystemClock_Config	72	static
../Core/Src/main.c:557:13:MX_TIM2_Init	32	static
../Core/Src/main.c:602:13:MX_GPIO_Init	32	static
../Core/Src/main.c:652:6:HAL_TIM_PeriodElapsedCallback	16	static
../Core/Src/main.c:663:6:Error_Handler	4	static,ignoring_inline_asm
