../Core/Src/main.c:68:6:display7SEG	16	static
../Core/Src/main.c:172:6:update7SEG	16	static
../Core/Src/main.c:201:6:updateClockBuffer	4	static
../Core/Src/main.c:209:6:updateLEDMatrix	16	static
../Core/Src/main.c:370:6:updateLEDMatrixBuffer	16	static
../Core/Src/main.c:401:5:main	8	static
../Core/Src/main.c:494:6:SystemClock_Config	72	static
../Core/Src/main.c:531:13:MX_TIM2_Init	32	static
../Core/Src/main.c:576:13:MX_GPIO_Init	32	static
../Core/Src/main.c:626:6:HAL_TIM_PeriodElapsedCallback	16	static
../Core/Src/main.c:637:6:Error_Handler	4	static,ignoring_inline_asm
