../Core/Src/main.c:60:6:display7SEG	16	static
../Core/Src/main.c:164:6:update7SEG	16	static
../Core/Src/main.c:193:6:updateClockBuffer	4	static
../Core/Src/main.c:214:6:setTimer0	16	static
../Core/Src/main.c:220:6:setTimer1	16	static
../Core/Src/main.c:226:6:timer_run	4	static
../Core/Src/main.c:253:5:main	8	static
../Core/Src/main.c:335:6:SystemClock_Config	72	static
../Core/Src/main.c:372:13:MX_TIM2_Init	32	static
../Core/Src/main.c:417:13:MX_GPIO_Init	32	static
../Core/Src/main.c:455:6:HAL_TIM_PeriodElapsedCallback	16	static
../Core/Src/main.c:468:6:Error_Handler	4	static,ignoring_inline_asm
